
# 2026-09-26T18:32:05.013819+00:00 cwd=/Users/yoon-yongseol/WorkSpace/Dayjoin
pnpm dlx @nestjs/cli@12.0.7 new --help
# exit=255

# 2026-09-26T18:32:16.967435+00:00 cwd=/Users/yoon-yongseol/WorkSpace/Dayjoin
pnpm --config.cache-dir=/private/tmp/dayjoin-bootstrap/pnpm-cache --config.store-dir=/private/tmp/dayjoin-bootstrap/pnpm-store dlx @nestjs/cli@12.0.7 new --help
# exit=0

# 2026-09-26T18:32:49.236309+00:00 cwd=/Users/yoon-yongseol/WorkSpace/Dayjoin
pnpm --config.cache-dir=/private/tmp/dayjoin-bootstrap/pnpm-cache --config.store-dir=/private/tmp/dayjoin-bootstrap/pnpm-store dlx @nestjs/cli@12.0.7 new api --directory apps/api --skip-git --skip-install --package-manager pnpm --no-observe
# exit=0

# 2026-09-26T18:32:55.375425+00:00 cwd=/Users/yoon-yongseol/WorkSpace/Dayjoin
pnpm --config.cache-dir=/private/tmp/dayjoin-bootstrap/pnpm-cache --config.store-dir=/private/tmp/dayjoin-bootstrap/pnpm-store create vite@9.2.1 apps/web --template react-ts --no-interactive
# exit=0

# 2026-09-26T18:33:03.663155+00:00 cwd=/Users/yoon-yongseol/WorkSpace/Dayjoin
pnpm install
# exit=0

# 2026-09-26T18:33:41.699960+00:00 cwd=/Users/yoon-yongseol/WorkSpace/Dayjoin
pnpm peers check
# exit=1

# 2026-09-26T18:33:42.131896+00:00 cwd=/Users/yoon-yongseol/WorkSpace/Dayjoin
pnpm --filter api add @nestjs/config @nestjs/terminus @prisma/client@7.10.0 @prisma/adapter-pg@7.10.0 redis zod helmet class-validator class-transformer
# exit=0

# 2026-09-26T18:33:59.440663+00:00 cwd=/Users/yoon-yongseol/WorkSpace/Dayjoin
pnpm view vite-tsconfig-paths version peerDependencies dependencies --json
# exit=0

# 2026-09-26T18:34:08.317400+00:00 cwd=/Users/yoon-yongseol/WorkSpace/Dayjoin
pnpm --filter api add -D prisma@7.10.0 dotenv
# exit=1

# 2026-09-26T18:34:23.382009+00:00 cwd=/Users/yoon-yongseol/WorkSpace/Dayjoin
pnpm --filter api remove -D vite-tsconfig-paths
# exit=1

# 2026-09-26T18:34:34.293574+00:00 cwd=/Users/yoon-yongseol/WorkSpace/Dayjoin
pnpm approve-builds --help
# exit=0

# 2026-09-26T18:34:42.133633+00:00 cwd=/Users/yoon-yongseol/WorkSpace/Dayjoin
pnpm approve-builds @prisma/engines prisma
# exit=0

# 2026-09-26T18:34:47.859942+00:00 cwd=/Users/yoon-yongseol/WorkSpace/Dayjoin/apps/api
pnpm exec prisma init --datasource-provider postgresql --output ../src/generated/prisma
# exit=1

# 2026-09-26T18:35:00.927087+00:00 cwd=/Users/yoon-yongseol/WorkSpace/Dayjoin/apps/api
pnpm exec nest generate module infrastructure/database
# exit=0

# 2026-09-26T18:35:02.183369+00:00 cwd=/Users/yoon-yongseol/WorkSpace/Dayjoin/apps/api
pnpm exec nest generate service infrastructure/database
# exit=0

# 2026-09-26T18:35:03.217246+00:00 cwd=/Users/yoon-yongseol/WorkSpace/Dayjoin/apps/api
pnpm exec nest generate module infrastructure/redis
# exit=0

# 2026-09-26T18:35:04.221955+00:00 cwd=/Users/yoon-yongseol/WorkSpace/Dayjoin/apps/api
pnpm exec nest generate service infrastructure/redis
# exit=0

# 2026-09-26T18:35:05.249904+00:00 cwd=/Users/yoon-yongseol/WorkSpace/Dayjoin/apps/api
pnpm exec nest generate module health
# exit=0

# 2026-09-26T18:35:06.266234+00:00 cwd=/Users/yoon-yongseol/WorkSpace/Dayjoin/apps/api
pnpm exec nest generate controller health
# exit=0

# 2026-09-26T18:35:23.758762+00:00 cwd=/Users/yoon-yongseol/WorkSpace/Dayjoin/apps/api
pnpm exec prisma init --datasource-provider postgresql --output ../src/generated/prisma
# exit=0

# 2026-09-26T18:36:53.074354+00:00 cwd=/Users/yoon-yongseol/WorkSpace/Dayjoin/apps/api
pnpm exec prisma generate
# exit=0

# 2026-09-26T18:43:30.373683+00:00 cwd=/Users/yoon-yongseol/WorkSpace/Dayjoin
cp apps/api/.env.example apps/api/.env
# exit=0

# 2026-09-26T18:43:30.504431+00:00 cwd=/Users/yoon-yongseol/WorkSpace/Dayjoin
pnpm --filter api exec prettier --write src test vitest.config.ts vitest.config.e2e.ts prisma7.config.ts
# exit=0

# 2026-09-26T18:43:42.813384+00:00 cwd=/Users/yoon-yongseol/WorkSpace/Dayjoin
pnpm test

# 2026-09-26T18:43:42.818570+00:00 cwd=/Users/yoon-yongseol/WorkSpace/Dayjoin
pnpm test:e2e

# 2026-09-26T18:43:42.826709+00:00 cwd=/Users/yoon-yongseol/WorkSpace/Dayjoin
pnpm lint
# exit=1
# exit=1
# exit=0

# 2026-09-26T18:43:47.378044+00:00 cwd=/Users/yoon-yongseol/WorkSpace/Dayjoin
pnpm build
# exit=0

# 2026-09-26T18:44:07.654869+00:00 cwd=/Users/yoon-yongseol/WorkSpace/Dayjoin
docker compose --profile cache --profile app config --quiet
# exit=0

# 2026-09-26T18:44:11.885734+00:00 cwd=/Users/yoon-yongseol/WorkSpace/Dayjoin
docker compose --profile cache up -d --wait postgres redis

# 2026-09-26T18:44:37.299263+00:00 cwd=/Users/yoon-yongseol/WorkSpace/Dayjoin
pnpm test:e2e

# 2026-09-26T18:44:37.304654+00:00 cwd=/Users/yoon-yongseol/WorkSpace/Dayjoin
pnpm test

# 2026-09-26T18:44:37.311595+00:00 cwd=/Users/yoon-yongseol/WorkSpace/Dayjoin
pnpm typecheck

# 2026-09-26T18:44:37.318390+00:00 cwd=/Users/yoon-yongseol/WorkSpace/Dayjoin
pnpm db:validate
# exit=0
# exit=0
# exit=0
# exit=0
# exit=0

# 2026-09-26T18:44:55.626489+00:00 cwd=/Users/yoon-yongseol/WorkSpace/Dayjoin
docker compose --profile app build api

# 2026-09-26T18:45:50.213228+00:00 cwd=/Users/yoon-yongseol/WorkSpace/Dayjoin
pnpm test:integration
# exit=0
# exit=0

# 2026-09-26T18:46:23.768832+00:00 cwd=/Users/yoon-yongseol/WorkSpace/Dayjoin
env REDIS_ENABLED=true pnpm test:integration
# exit=0

# 2026-09-26T18:46:28.450654+00:00 cwd=/Users/yoon-yongseol/WorkSpace/Dayjoin
docker compose exec -T postgres psql -U dayjoin_local_admin -d dayjoin -c 'SELECT rolname, rolsuper, rolbypassrls, rolcreatedb FROM pg_roles WHERE rolname IN ('"'"'dayjoin_app'"'"', '"'"'dayjoin_migrator'"'"');'
# exit=0

# 2026-09-26T18:46:48.513891+00:00 cwd=/Users/yoon-yongseol/WorkSpace/Dayjoin
docker compose --profile app build api

# 2026-09-26T18:47:01.701327+00:00 cwd=/Users/yoon-yongseol/WorkSpace/Dayjoin
pnpm list -r --depth 0
# exit=0
# exit=0

# 2026-09-26T18:49:32.860953+00:00 cwd=/Users/yoon-yongseol/WorkSpace/Dayjoin
pnpm install --frozen-lockfile --strict-peer-dependencies
# exit=0

# 2026-09-26T18:49:33.404265+00:00 cwd=/Users/yoon-yongseol/WorkSpace/Dayjoin
pnpm dev:web

# 2026-09-26T18:49:51.004385+00:00 cwd=/Users/yoon-yongseol/WorkSpace/Dayjoin
env REDIS_ENABLED=true docker compose --profile cache --profile app up -d --wait
# exit=0

# 2026-09-26T18:50:33.418742+00:00 cwd=/Users/yoon-yongseol/WorkSpace/Dayjoin
docker compose exec -T api id
# exit=0

# 2026-09-26T18:51:04.316131+00:00 cwd=/Users/yoon-yongseol/WorkSpace/Dayjoin
pnpm --filter api exec prettier --write src/infrastructure/redis/redis.service.ts
# exit=0

# 2026-09-26T18:51:04.769586+00:00 cwd=/Users/yoon-yongseol/WorkSpace/Dayjoin
pnpm --filter api build
# exit=0

# 2026-09-26T18:51:09.070284+00:00 cwd=/Users/yoon-yongseol/WorkSpace/Dayjoin
env REDIS_ENABLED=true docker compose --profile cache --profile app up -d --build --wait
# exit=0

# 2026-09-26T18:52:42.704782+00:00 cwd=/Users/yoon-yongseol/WorkSpace/Dayjoin
docker compose stop redis
# exit=0

# 2026-09-26T18:52:43.059238+00:00 cwd=/Users/yoon-yongseol/WorkSpace/Dayjoin
python3 /private/tmp/dayjoin-bootstrap/check_health.py 503 redis
# exit=0

# 2026-09-26T18:52:46.049385+00:00 cwd=/Users/yoon-yongseol/WorkSpace/Dayjoin
docker compose --profile cache up -d --wait redis
# exit=0

# 2026-09-26T18:52:59.445516+00:00 cwd=/Users/yoon-yongseol/WorkSpace/Dayjoin
python3 /private/tmp/dayjoin-bootstrap/check_health.py 200
# exit=0

# 2026-09-26T18:53:02.248196+00:00 cwd=/Users/yoon-yongseol/WorkSpace/Dayjoin
docker compose stop postgres
# exit=0

# 2026-09-26T18:53:02.565324+00:00 cwd=/Users/yoon-yongseol/WorkSpace/Dayjoin
python3 /private/tmp/dayjoin-bootstrap/check_health.py 503 postgres
# exit=0

# 2026-09-26T18:53:18.334768+00:00 cwd=/Users/yoon-yongseol/WorkSpace/Dayjoin
docker compose up -d --wait postgres

# 2026-09-26T18:53:19.524859+00:00 cwd=/Users/yoon-yongseol/WorkSpace/Dayjoin
pnpm typecheck

# 2026-09-26T18:53:19.525145+00:00 cwd=/Users/yoon-yongseol/WorkSpace/Dayjoin
pnpm lint

# 2026-09-26T18:53:19.525390+00:00 cwd=/Users/yoon-yongseol/WorkSpace/Dayjoin
pnpm test

# 2026-09-26T18:53:19.525795+00:00 cwd=/Users/yoon-yongseol/WorkSpace/Dayjoin
pnpm test:e2e
# exit=0
# exit=0
# exit=0
# exit=0
# exit=0

# 2026-09-26T18:53:45.598186+00:00 cwd=/Users/yoon-yongseol/WorkSpace/Dayjoin
python3 /private/tmp/dayjoin-bootstrap/check_health.py 200
# exit=0
# exit=143

# 2026-09-26T18:55:34.331285+00:00 cwd=/Users/yoon-yongseol/WorkSpace/Dayjoin
docker compose --profile cache --profile app down
# exit=0

# 2026-09-26 GitHub initial connection
# Versions: git 2.55.0 / gh 2.95.0.
# Official references checked on 2026-09-26:
# https://git-scm.com/docs/git-init
# https://git-scm.com/docs/git-remote
# https://git-scm.com/docs/git-push
# Official CLI behavior: init -b sets the initial branch; remote add registers a URL;
# push -u configures upstream tracking after a successful push.
# Project choices: main branch, origin name. Repository URL supplied by the user.
# Existing app versions and lockfile remain unchanged.

git status --short --branch
# exit=128: no Git repository existed before initialization.
git --version
# exit=0: 2.55.0
gh --version
# exit=0: 2.95.0
gh auth status
# exit=1 in sandbox; retry outside sandbox exit=0, FrostYOON authenticated.
# Authentication output/token values are intentionally not recorded.
git ls-remote --symref https://github.com/FrostYOON/Dayjoin.git
# exit=0: no remote refs; repository is empty.
git init -h
# exit=129: help output inspected. The chained remote/push help commands did not run.
git init -b main
# exit=0
git remote add origin https://github.com/FrostYOON/Dayjoin.git
# exit=0
git remote -h
# exit=129: help output inspected separately.
git push -h
# exit=129: help output inspected separately.
git remote -v
# exit=0: fetch/push origin both match the user-supplied URL.
git check-ignore -v apps/api/.env node_modules apps/api/node_modules apps/api/dist apps/web/dist apps/api/src/generated/prisma .pnpm-cache apps/api/.pnpm-cache apps/api/tsconfig.build.tsbuildinfo
# exit=0: all listed private/local/generated paths excluded.
gh repo view FrostYOON/Dayjoin --json nameWithOwner,url,visibility,isEmpty,defaultBranchRef
# exit=0: FrostYOON/Dayjoin, PUBLIC, empty repository.
# Read-only scan of 158 candidate files: no common GitHub/AWS/API token or private-key
# patterns found; no files above 10 MB; 18 relative bundled skill symlinks.
# This targeted scan is not a comprehensive security audit.
# No application implementation or dependency changes; previous local test results
# remain documented in 10_BOOTSTRAP_VERIFICATION.md, without rerunning those tests.
git add .
# exit=0: 158 files staged; lockfile and both .env.example templates included.
# Staged-path check: no .env, dependency/cache/build/generated-client files.
git diff --cached --check
# exit=2: 14 existing trailing-whitespace lines in bundled Prisma skill references.
# Preserve third-party skill content and its skills-lock.json hashes.
git diff --cached --check -- . ':(exclude)apps/api/.agents/skills/**'
# exit=0: project source, configuration and documentation passed.
